// license:BSD-3-Clause
// copyright-holders:Aaron Giles
/******************************************************************************

    dummy.lst

    List of all enabled drivers in the system. This file is parsed by
    makelist.exe, sorted, and output as C code describing the drivers.

******************************************************************************/

rc2014
rc2014_sio
rc2014_wbw
rosco_m68k_r1
rosco_m68k_010
rosco_m68k_020
rosco_m68k_030
grantz80
grant6809
grant6502
t68krc
tiny68k
ts2
